// Jest Snapshot v1, https://goo.gl/fbAQLP

exports[`matches the snapshot 1`] = `
<DocumentFragment>
  <div
    class="Header"
  >
    <a
      class="HeaderBack"
      href="/"
    >
      <svg
        aria-hidden="true"
        class="MuiSvgIcon-root"
        focusable="false"
        viewBox="0 0 24 24"
      >
        <path
          d="M20 11H7.83l5.59-5.59L12 4l-8 8 8 8 1.41-1.41L7.83 13H20v-2z"
        />
      </svg>
    </a>
    <img
      alt="ícone estilizado com o perfil de uma mulher com uma fita métrica no black power"
      class="HeaderIcon"
      src="icon.png"
    />
    <img
      alt="banner da Agência Compromisso"
      class="HeaderBanner"
      src="banner.png"
    />
    <h2
      class="HeaderTitle"
    />
  </div>
  <h1>
    Ops!
  </h1>
  <span>
    Página não encontrada.
  </span>
</DocumentFragment>
`;
