// Jest Snapshot v1, https://goo.gl/fbAQLP

exports[`matches the snapshot 1`] = `
<DocumentFragment>
  <div
    class="menu"
  >
    <img
      alt="ícone estilizado com o perfil de uma mulher com uma fita métrica no black power"
      class="icon"
      src="icon.png"
    />
    <img
      alt="banner da Agência Compromisso"
      class="banner"
      src="banner.png"
    />
    <ul
      class="agencia-btn-group"
    >
      <li>
        <button
          class="btn btn-secondary btn-raised"
        >
          <img
            alt="ícone do Google"
            class="google-icon"
            src="googleIconSmall.png"
          />
          Login
        </button>
      </li>
    </ul>
  </div>
</DocumentFragment>
`;
